gbfs_v2_3_to_v3_0_gbfs_versions_file_snapshot=[
  {
    "last_updated": "2015-06-11T20:31:18.000+00:00",
    "ttl": 0,
    "version": "3.0-RC2",
    "data": {
      "versions": [
        {
          "version": "2.2",
          "url": "https://test.com/gbfs.json"
        }
      ]
    }
  }
]


gbfs_v3_0_to_v2_3_gbfs_versions_file_snapshot=[
  {
    "last_updated": 1434054678,
    "ttl": 0,
    "version": "2.3",
    "data": {
      "versions": [
        {
          "version": "2.2",
          "url": "https://test.com/gbfs.json"
        }
      ]
    }
  }
]